Log started: 2026-07-17  12:43:15
Preconfiguring packages ...
Preconfiguring packages ...
E: Can not write log (Is /dev/pts mounted?) - posix_openpt (19: No such device)
(Reading database ... 127861 files and directories currently installed.)
Preparing to unpack .../bsdutils_1%3a2.39.3-9ubuntu6.5_amd64.deb ...
Unpacking bsdutils (1:2.39.3-9ubuntu6.5) over (1:2.39.3-9ubuntu6.4) ...
Setting up bsdutils (1:2.39.3-9ubuntu6.5) ...
(Reading database ... 127861 files and directories currently installed.)
Preparing to unpack .../gzip_1.12-1ubuntu3.2_amd64.deb ...
Unpacking gzip (1.12-1ubuntu3.2) over (1.12-1ubuntu3.1) ...
Setting up gzip (1.12-1ubuntu3.2) ...
(Reading database ... 127861 files and directories currently installed.)
Preparing to unpack .../libperl5.38t64_5.38.2-3.2ubuntu0.3_amd64.deb ...
Unpacking libperl5.38t64:amd64 (5.38.2-3.2ubuntu0.3) over (5.38.2-3.2ubuntu0.2) ...
Preparing to unpack .../perl_5.38.2-3.2ubuntu0.3_amd64.deb ...
Unpacking perl (5.38.2-3.2ubuntu0.3) over (5.38.2-3.2ubuntu0.2) ...
Preparing to unpack .../perl-base_5.38.2-3.2ubuntu0.3_amd64.deb ...
Unpacking perl-base (5.38.2-3.2ubuntu0.3) over (5.38.2-3.2ubuntu0.2) ...
Setting up perl-base (5.38.2-3.2ubuntu0.3) ...
(Reading database ... 127861 files and directories currently installed.)
Preparing to unpack .../perl-modules-5.38_5.38.2-3.2ubuntu0.3_all.deb ...
Unpacking perl-modules-5.38 (5.38.2-3.2ubuntu0.3) over (5.38.2-3.2ubuntu0.2) ...
Preparing to unpack .../sed_4.9-2ubuntu0.24.04.1_amd64.deb ...
Unpacking sed (4.9-2ubuntu0.24.04.1) over (4.9-2build1) ...
Setting up sed (4.9-2ubuntu0.24.04.1) ...
(Reading database ... 127861 files and directories currently installed.)
Preparing to unpack .../tar_1.35+dfsg-3ubuntu0.3_amd64.deb ...
Unpacking tar (1.35+dfsg-3ubuntu0.3) over (1.35+dfsg-3build1) ...
Setting up tar (1.35+dfsg-3ubuntu0.3) ...
(Reading database ... 127861 files and directories currently installed.)
Preparing to unpack .../util-linux_2.39.3-9ubuntu6.5_amd64.deb ...
Unpacking util-linux (2.39.3-9ubuntu6.5) over (2.39.3-9ubuntu6.4) ...
Setting up util-linux (2.39.3-9ubuntu6.5) ...
Running in chroot, ignoring command 'daemon-reload'
/usr/sbin/policy-rc.d returned 101, not running 'restart fstrim.timer'
Running in chroot, ignoring command 'daemon-reload'
/usr/sbin/policy-rc.d returned 101, not running 'restart fstrim.service'
(Reading database ... 127861 files and directories currently installed.)
Preparing to unpack .../mount_2.39.3-9ubuntu6.5_amd64.deb ...
Unpacking mount (2.39.3-9ubuntu6.5) over (2.39.3-9ubuntu6.4) ...
Preparing to unpack .../libcap2_1%3a2.66-5ubuntu2.4_amd64.deb ...
Unpacking libcap2:amd64 (1:2.66-5ubuntu2.4) over (1:2.66-5ubuntu2.2) ...
Setting up libcap2:amd64 (1:2.66-5ubuntu2.4) ...
(Reading database ... 127861 files and directories currently installed.)
Preparing to unpack .../libnss-systemd_255.4-1ubuntu8.16_amd64.deb ...
Unpacking libnss-systemd:amd64 (255.4-1ubuntu8.16) over (255.4-1ubuntu8.12) ...
Preparing to unpack .../systemd-dev_255.4-1ubuntu8.16_all.deb ...
Unpacking systemd-dev (255.4-1ubuntu8.16) over (255.4-1ubuntu8.12) ...
Preparing to unpack .../libblkid1_2.39.3-9ubuntu6.5_amd64.deb ...
Unpacking libblkid1:amd64 (2.39.3-9ubuntu6.5) over (2.39.3-9ubuntu6.4) ...
Setting up libblkid1:amd64 (2.39.3-9ubuntu6.5) ...
(Reading database ... 127861 files and directories currently installed.)
Preparing to unpack .../liblzma5_5.6.1+really5.4.5-1ubuntu0.3_amd64.deb ...
Unpacking liblzma5:amd64 (5.6.1+really5.4.5-1ubuntu0.3) over (5.6.1+really5.4.5-1ubuntu0.2) ...
Setting up liblzma5:amd64 (5.6.1+really5.4.5-1ubuntu0.3) ...
(Reading database ... 127861 files and directories currently installed.)
Preparing to unpack .../0-kmod_31+20240202-2ubuntu7.2_amd64.deb ...
Unpacking kmod (31+20240202-2ubuntu7.2) over (31+20240202-2ubuntu7.1) ...
Preparing to unpack .../1-libkmod2_31+20240202-2ubuntu7.2_amd64.deb ...
Unpacking libkmod2:amd64 (31+20240202-2ubuntu7.2) over (31+20240202-2ubuntu7.1) ...
Preparing to unpack .../2-systemd-timesyncd_255.4-1ubuntu8.16_amd64.deb ...
Unpacking systemd-timesyncd (255.4-1ubuntu8.16) over (255.4-1ubuntu8.12) ...
Preparing to unpack .../3-systemd-resolved_255.4-1ubuntu8.16_amd64.deb ...
Unpacking systemd-resolved (255.4-1ubuntu8.16) over (255.4-1ubuntu8.12) ...
Preparing to unpack .../4-libsystemd-shared_255.4-1ubuntu8.16_amd64.deb ...
Unpacking libsystemd-shared:amd64 (255.4-1ubuntu8.16) over (255.4-1ubuntu8.12) ...
Preparing to unpack .../5-libsystemd0_255.4-1ubuntu8.16_amd64.deb ...
Unpacking libsystemd0:amd64 (255.4-1ubuntu8.16) over (255.4-1ubuntu8.12) ...
Setting up libsystemd0:amd64 (255.4-1ubuntu8.16) ...
(Reading database ... 127862 files and directories currently installed.)
Preparing to unpack .../systemd-sysv_255.4-1ubuntu8.16_amd64.deb ...
Unpacking systemd-sysv (255.4-1ubuntu8.16) over (255.4-1ubuntu8.12) ...
Preparing to unpack .../libpam-systemd_255.4-1ubuntu8.16_amd64.deb ...
Unpacking libpam-systemd:amd64 (255.4-1ubuntu8.16) over (255.4-1ubuntu8.12) ...
Preparing to unpack .../systemd_255.4-1ubuntu8.16_amd64.deb ...
Unpacking systemd (255.4-1ubuntu8.16) over (255.4-1ubuntu8.12) ...
Preparing to unpack .../udev_255.4-1ubuntu8.16_amd64.deb ...
Unpacking udev (255.4-1ubuntu8.16) over (255.4-1ubuntu8.12) ...
Preparing to unpack .../libudev1_255.4-1ubuntu8.16_amd64.deb ...
Unpacking libudev1:amd64 (255.4-1ubuntu8.16) over (255.4-1ubuntu8.12) ...
Setting up libudev1:amd64 (255.4-1ubuntu8.16) ...
(Reading database ... 127862 files and directories currently installed.)
Preparing to unpack .../libgcrypt20_1.10.3-2ubuntu0.1_amd64.deb ...
Unpacking libgcrypt20:amd64 (1.10.3-2ubuntu0.1) over (1.10.3-2build1) ...
Setting up libgcrypt20:amd64 (1.10.3-2ubuntu0.1) ...
(Reading database ... 127862 files and directories currently installed.)
Preparing to unpack .../libmount1_2.39.3-9ubuntu6.5_amd64.deb ...
Unpacking libmount1:amd64 (2.39.3-9ubuntu6.5) over (2.39.3-9ubuntu6.4) ...
Setting up libmount1:amd64 (2.39.3-9ubuntu6.5) ...
(Reading database ... 127862 files and directories currently installed.)
Preparing to unpack .../libuuid1_2.39.3-9ubuntu6.5_amd64.deb ...
Unpacking libuuid1:amd64 (2.39.3-9ubuntu6.5) over (2.39.3-9ubuntu6.4) ...
Setting up libuuid1:amd64 (2.39.3-9ubuntu6.5) ...
(Reading database ... 127862 files and directories currently installed.)
Preparing to unpack .../libfdisk1_2.39.3-9ubuntu6.5_amd64.deb ...
Unpacking libfdisk1:amd64 (2.39.3-9ubuntu6.5) over (2.39.3-9ubuntu6.4) ...
Preparing to unpack .../libgnutls30t64_3.8.3-1.1ubuntu3.6_amd64.deb ...
Unpacking libgnutls30t64:amd64 (3.8.3-1.1ubuntu3.6) over (3.8.3-1.1ubuntu3.4) ...
Setting up libgnutls30t64:amd64 (3.8.3-1.1ubuntu3.6) ...
(Reading database ... 127862 files and directories currently installed.)
Preparing to unpack .../ntfs-3g_1%3a2022.10.3-1.2ubuntu3.2_amd64.deb ...
Unpacking ntfs-3g (1:2022.10.3-1.2ubuntu3.2) over (1:2022.10.3-1.2ubuntu3) ...
Preparing to unpack .../libntfs-3g89t64_1%3a2022.10.3-1.2ubuntu3.2_amd64.deb ...
Unpacking libntfs-3g89t64:amd64 (1:2022.10.3-1.2ubuntu3.2) over (1:2022.10.3-1.2ubuntu3) ...
Preparing to unpack .../libsmartcols1_2.39.3-9ubuntu6.5_amd64.deb ...
Unpacking libsmartcols1:amd64 (2.39.3-9ubuntu6.5) over (2.39.3-9ubuntu6.4) ...
Setting up libsmartcols1:amd64 (2.39.3-9ubuntu6.5) ...
(Reading database ... 127862 files and directories currently installed.)
Preparing to unpack .../00-uuid-runtime_2.39.3-9ubuntu6.5_amd64.deb ...
Unpacking uuid-runtime (2.39.3-9ubuntu6.5) over (2.39.3-9ubuntu6.4) ...
Preparing to unpack .../01-distro-info-data_0.60ubuntu0.6_all.deb ...
Unpacking distro-info-data (0.60ubuntu0.6) over (0.60ubuntu0.5) ...
Preparing to unpack .../02-eject_2.39.3-9ubuntu6.5_amd64.deb ...
Unpacking eject (2.39.3-9ubuntu6.5) over (2.39.3-9ubuntu6.4) ...
Preparing to unpack .../03-libpam-cap_1%3a2.66-5ubuntu2.4_amd64.deb ...
Unpacking libpam-cap:amd64 (1:2.66-5ubuntu2.4) over (1:2.66-5ubuntu2.2) ...
Preparing to unpack .../04-libcap2-bin_1%3a2.66-5ubuntu2.4_amd64.deb ...
Unpacking libcap2-bin (1:2.66-5ubuntu2.4) over (1:2.66-5ubuntu2.2) ...
Preparing to unpack .../05-libxml2_2.9.14+dfsg-1.3ubuntu3.8_amd64.deb ...
Unpacking libxml2:amd64 (2.9.14+dfsg-1.3ubuntu3.8) over (2.9.14+dfsg-1.3ubuntu3.7) ...
Preparing to unpack .../06-sudo_1.9.15p5-3ubuntu5.24.04.2_amd64.deb ...
Unpacking sudo (1.9.15p5-3ubuntu5.24.04.2) over (1.9.15p5-3ubuntu5.24.04.1) ...
Preparing to unpack .../07-tzdata_2026b-0ubuntu0.24.04.1_all.deb ...
Unpacking tzdata (2026b-0ubuntu0.24.04.1) over (2025b-0ubuntu0.24.04.1) ...
Preparing to unpack .../08-ubuntu-pro-client-l10n_37.2ubuntu~24.04.1_amd64.deb ...
Unpacking ubuntu-pro-client-l10n (37.2ubuntu~24.04.1) over (37.1ubuntu0~24.04) ...
Preparing to unpack .../09-ubuntu-pro-client_37.2ubuntu~24.04.1_amd64.deb ...
/usr/sbin/policy-rc.d returned 101, not running 'stop ubuntu-advantage.service'
/usr/sbin/policy-rc.d returned 101, not running 'stop ua-timer.timer'
Unpacking ubuntu-pro-client (37.2ubuntu~24.04.1) over (37.1ubuntu0~24.04) ...
Preparing to unpack .../10-vim_2%3a9.1.0016-1ubuntu7.18_amd64.deb ...
Unpacking vim (2:9.1.0016-1ubuntu7.18) over (2:9.1.0016-1ubuntu7.9) ...
Preparing to unpack .../11-vim-common_2%3a9.1.0016-1ubuntu7.18_all.deb ...
Unpacking vim-common (2:9.1.0016-1ubuntu7.18) over (2:9.1.0016-1ubuntu7.9) ...
Preparing to unpack .../12-vim-tiny_2%3a9.1.0016-1ubuntu7.18_amd64.deb ...
Unpacking vim-tiny (2:9.1.0016-1ubuntu7.18) over (2:9.1.0016-1ubuntu7.9) ...
Preparing to unpack .../13-vim-runtime_2%3a9.1.0016-1ubuntu7.18_all.deb ...
Unpacking vim-runtime (2:9.1.0016-1ubuntu7.18) over (2:9.1.0016-1ubuntu7.9) ...
Preparing to unpack .../14-xxd_2%3a9.1.0016-1ubuntu7.18_amd64.deb ...
Unpacking xxd (2:9.1.0016-1ubuntu7.18) over (2:9.1.0016-1ubuntu7.9) ...
Preparing to unpack .../15-bsdextrautils_2.39.3-9ubuntu6.5_amd64.deb ...
Unpacking bsdextrautils (2.39.3-9ubuntu6.5) over (2.39.3-9ubuntu6.4) ...
Preparing to unpack .../16-inetutils-telnet_2%3a2.5-3ubuntu4.2_amd64.deb ...
Unpacking inetutils-telnet (2:2.5-3ubuntu4.2) over (2:2.5-3ubuntu4.1) ...
Preparing to unpack .../17-libnghttp2-14_1.59.0-1ubuntu0.4_amd64.deb ...
Unpacking libnghttp2-14:amd64 (1.59.0-1ubuntu0.4) over (1.59.0-1ubuntu0.2) ...
Preparing to unpack .../18-libpng16-16t64_1.6.43-5ubuntu0.6_amd64.deb ...
Unpacking libpng16-16t64:amd64 (1.6.43-5ubuntu0.6) over (1.6.43-5ubuntu0.4) ...
Preparing to unpack .../19-nano_7.2-2ubuntu0.2_amd64.deb ...
Unpacking nano (7.2-2ubuntu0.2) over (7.2-2ubuntu0.1) ...
Preparing to unpack .../20-telnet_0.17+2.5-3ubuntu4.2_all.deb ...
Unpacking telnet (0.17+2.5-3ubuntu4.2) over (0.17+2.5-3ubuntu4.1) ...
Preparing to unpack .../21-xz-utils_5.6.1+really5.4.5-1ubuntu0.3_amd64.deb ...
Unpacking xz-utils (5.6.1+really5.4.5-1ubuntu0.3) over (5.6.1+really5.4.5-1ubuntu0.2) ...
Preparing to unpack .../22-fdisk_2.39.3-9ubuntu6.5_amd64.deb ...
Unpacking fdisk (2.39.3-9ubuntu6.5) over (2.39.3-9ubuntu6.4) ...
Preparing to unpack .../23-libpackagekit-glib2-18_1.2.8-2ubuntu1.5_amd64.deb ...
Unpacking libpackagekit-glib2-18:amd64 (1.2.8-2ubuntu1.5) over (1.2.8-2ubuntu1.4) ...
Preparing to unpack .../24-gir1.2-packagekitglib-1.0_1.2.8-2ubuntu1.5_amd64.deb ...
Unpacking gir1.2-packagekitglib-1.0 (1.2.8-2ubuntu1.5) over (1.2.8-2ubuntu1.4) ...
Preparing to unpack .../25-libarchive13t64_3.7.2-2ubuntu0.7_amd64.deb ...
Unpacking libarchive13t64:amd64 (3.7.2-2ubuntu0.7) over (3.7.2-2ubuntu0.5) ...
Preparing to unpack .../26-libnss3_2%3a3.98-1ubuntu0.2_amd64.deb ...
Unpacking libnss3:amd64 (2:3.98-1ubuntu0.2) over (2:3.98-1build1) ...
Preparing to unpack .../27-polkitd_124-2ubuntu1.24.04.3_amd64.deb ...
Unpacking polkitd (124-2ubuntu1.24.04.3) over (124-2ubuntu1.24.04.2) ...
Preparing to unpack .../28-libpolkit-agent-1-0_124-2ubuntu1.24.04.3_amd64.deb ...
Unpacking libpolkit-agent-1-0:amd64 (124-2ubuntu1.24.04.3) over (124-2ubuntu1.24.04.2) ...
Preparing to unpack .../29-libpolkit-gobject-1-0_124-2ubuntu1.24.04.3_amd64.deb ...
Unpacking libpolkit-gobject-1-0:amd64 (124-2ubuntu1.24.04.3) over (124-2ubuntu1.24.04.2) ...
Preparing to unpack .../30-libssh-4_0.10.6-2ubuntu0.4_amd64.deb ...
Unpacking libssh-4:amd64 (0.10.6-2ubuntu0.4) over (0.10.6-2ubuntu0.2) ...
Preparing to unpack .../31-packagekit-tools_1.2.8-2ubuntu1.5_amd64.deb ...
Unpacking packagekit-tools (1.2.8-2ubuntu1.5) over (1.2.8-2ubuntu1.4) ...
Preparing to unpack .../32-packagekit_1.2.8-2ubuntu1.5_amd64.deb ...
Unpacking packagekit (1.2.8-2ubuntu1.5) over (1.2.8-2ubuntu1.4) ...
Preparing to unpack .../33-pollinate_4.33-3.1ubuntu1.3_all.deb ...
Unpacking pollinate (4.33-3.1ubuntu1.3) over (4.33-3.1ubuntu1.1) ...
Preparing to unpack .../34-python3-cryptography_41.0.7-4ubuntu0.4_amd64.deb ...
Unpacking python3-cryptography (41.0.7-4ubuntu0.4) over (41.0.7-4ubuntu0.1) ...
Preparing to unpack .../35-python3-httplib2_0.20.4-3ubuntu0.1_all.deb ...
Unpacking python3-httplib2 (0.20.4-3ubuntu0.1) over (0.20.4-3) ...
Preparing to unpack .../36-python3-idna_3.6-2ubuntu0.2_all.deb ...
Unpacking python3-idna (3.6-2ubuntu0.2) over (3.6-2ubuntu0.1) ...
Preparing to unpack .../37-python3-jwt_2.7.0-1ubuntu0.1_all.deb ...
Unpacking python3-jwt (2.7.0-1ubuntu0.1) over (2.7.0-1) ...
Preparing to unpack .../38-python3-openssl_23.2.0-1ubuntu0.1_all.deb ...
Unpacking python3-openssl (23.2.0-1ubuntu0.1) over (23.2.0-1) ...
Preparing to unpack .../39-python3-pyasn1_0.4.8-4ubuntu0.2_all.deb ...
Unpacking python3-pyasn1 (0.4.8-4ubuntu0.2) over (0.4.8-4ubuntu0.1) ...
Preparing to unpack .../40-python3-twisted_24.3.0-1ubuntu0.2_all.deb ...
Unpacking python3-twisted (24.3.0-1ubuntu0.2) over (24.3.0-1ubuntu0.1) ...
Preparing to unpack .../41-python3-urllib3_2.0.7-1ubuntu0.7_all.deb ...
Unpacking python3-urllib3 (2.0.7-1ubuntu0.7) over (2.0.7-1ubuntu0.6) ...
Preparing to unpack .../42-snapd_2.73+ubuntu24.04.2_amd64.deb ...
Unpacking snapd (2.73+ubuntu24.04.2) over (2.73+ubuntu24.04) ...
Setting up bsdextrautils (2.39.3-9ubuntu6.5) ...
Setting up python3-jwt (2.7.0-1ubuntu0.1) ...
Setting up libntfs-3g89t64:amd64 (1:2022.10.3-1.2ubuntu3.2) ...
Setting up distro-info-data (0.60ubuntu0.6) ...
Setting up libnghttp2-14:amd64 (1.59.0-1ubuntu0.4) ...
Setting up inetutils-telnet (2:2.5-3ubuntu4.2) ...
Setting up libpackagekit-glib2-18:amd64 (1.2.8-2ubuntu1.5) ...
Setting up systemd-dev (255.4-1ubuntu8.16) ...
Setting up libnss3:amd64 (2:3.98-1ubuntu0.2) ...
Setting up xxd (2:9.1.0016-1ubuntu7.18) ...
Setting up ntfs-3g (1:2022.10.3-1.2ubuntu3.2) ...
Setting up tzdata (2026b-0ubuntu0.24.04.1) ...

Current default time zone: 'Etc/UTC'
Local time is now:      Fri Jul 17 12:43:28 UTC 2026.
Universal Time is now:  Fri Jul 17 12:43:28 UTC 2026.
Run 'dpkg-reconfigure tzdata' if you wish to change it.

Setting up libcap2-bin (1:2.66-5ubuntu2.4) ...
Setting up eject (2.39.3-9ubuntu6.5) ...
Setting up gir1.2-packagekitglib-1.0 (1.2.8-2ubuntu1.5) ...
Setting up vim-common (2:9.1.0016-1ubuntu7.18) ...
Setting up pollinate (4.33-3.1ubuntu1.3) ...
Installing new version of config file /etc/default/pollinate ...
Removing obsolete conffile /etc/pollinate/entropy.ubuntu.com.pem ...
Running in chroot, ignoring command 'daemon-reload'
/usr/sbin/policy-rc.d returned 101, not running 'restart pollinate.service'
Setting up python3-cryptography (41.0.7-4ubuntu0.4) ...
Setting up xz-utils (5.6.1+really5.4.5-1ubuntu0.3) ...
Setting up perl-modules-5.38 (5.38.2-3.2ubuntu0.3) ...
Setting up libpng16-16t64:amd64 (1.6.43-5ubuntu0.6) ...
Setting up python3-idna (3.6-2ubuntu0.2) ...
Setting up sudo (1.9.15p5-3ubuntu5.24.04.2) ...
Setting up libssh-4:amd64 (0.10.6-2ubuntu0.4) ...
Setting up python3-urllib3 (2.0.7-1ubuntu0.7) ...
Setting up libfdisk1:amd64 (2.39.3-9ubuntu6.5) ...
Setting up nano (7.2-2ubuntu0.2) ...
Setting up mount (2.39.3-9ubuntu6.5) ...
Setting up uuid-runtime (2.39.3-9ubuntu6.5) ...
Running in chroot, ignoring command 'daemon-reload'
invoke-rc.d: policy-rc.d denied execution of restart.
Running in chroot, ignoring command 'daemon-reload'
/usr/sbin/policy-rc.d returned 101, not running 'restart uuidd.service uuidd.socket'
Setting up python3-pyasn1 (0.4.8-4ubuntu0.2) ...
Setting up python3-httplib2 (0.20.4-3ubuntu0.1) ...
Setting up libperl5.38t64:amd64 (5.38.2-3.2ubuntu0.3) ...
Setting up vim-runtime (2:9.1.0016-1ubuntu7.18) ...
Setting up libpam-cap:amd64 (1:2.66-5ubuntu2.4) ...
Setting up libxml2:amd64 (2.9.14+dfsg-1.3ubuntu3.8) ...
Setting up ubuntu-pro-client (37.2ubuntu~24.04.1) ...
Installing new version of config file /etc/apparmor.d/ubuntu_pro_esm_cache ...
Running in chroot, ignoring command 'daemon-reload'
/usr/sbin/policy-rc.d returned 101, not running 'start ua-timer.timer'
Running in chroot, ignoring command 'daemon-reload'
/usr/sbin/policy-rc.d returned 101, not running 'start ubuntu-advantage.service'
Setting up libpolkit-gobject-1-0:amd64 (124-2ubuntu1.24.04.3) ...
Setting up libkmod2:amd64 (31+20240202-2ubuntu7.2) ...
Setting up ubuntu-pro-client-l10n (37.2ubuntu~24.04.1) ...
Setting up vim (2:9.1.0016-1ubuntu7.18) ...
Setting up telnet (0.17+2.5-3ubuntu4.2) ...
Setting up python3-openssl (23.2.0-1ubuntu0.1) ...
Setting up vim-tiny (2:9.1.0016-1ubuntu7.18) ...
Setting up kmod (31+20240202-2ubuntu7.2) ...
Running in chroot, ignoring command 'daemon-reload'
Setting up fdisk (2.39.3-9ubuntu6.5) ...
Setting up perl (5.38.2-3.2ubuntu0.3) ...
Setting up python3-twisted (24.3.0-1ubuntu0.2) ...
Setting up libsystemd-shared:amd64 (255.4-1ubuntu8.16) ...
Setting up libpolkit-agent-1-0:amd64 (124-2ubuntu1.24.04.3) ...
Setting up libarchive13t64:amd64 (3.7.2-2ubuntu0.7) ...
Setting up systemd (255.4-1ubuntu8.16) ...
Failed to connect to bus: No data available
Running in chroot, ignoring command 'daemon-reexec'
Running in chroot, ignoring command 'kill'
Running in chroot, ignoring command 'try-restart'
Running in chroot, ignoring command 'try-restart'
Setting up systemd-timesyncd (255.4-1ubuntu8.16) ...
Running in chroot, ignoring command 'daemon-reload'
/usr/sbin/policy-rc.d returned 101, not running 'restart systemd-timesyncd.service'
Setting up udev (255.4-1ubuntu8.16) ...
Running in chroot, ignoring command 'daemon-reload'
/usr/sbin/policy-rc.d returned 101, not running 'restart systemd-udevd.service'
Setting up systemd-resolved (255.4-1ubuntu8.16) ...
Running in chroot, ignoring command 'daemon-reload'
/usr/sbin/policy-rc.d returned 101, not running 'restart systemd-resolved.service'
Setting up snapd (2.73+ubuntu24.04.2) ...
Running in chroot, ignoring command 'daemon-reload'
/usr/sbin/policy-rc.d returned 101, not running 'restart snapd.socket'
Running in chroot, ignoring command 'daemon-reload'
/usr/sbin/policy-rc.d returned 101, not running 'restart snapd.service'
Running in chroot, ignoring command 'daemon-reload'
/usr/sbin/policy-rc.d returned 101, not running 'restart snapd.apparmor.service snapd.autoimport.service snapd.core-fixup.service snapd.failure.service snapd.gpio-chardev-setup.target snapd.mounts.target snapd.recovery-chooser-trigger.service snapd.seeded.service snapd.snap-repair.service snapd.snap-repair.timer snapd.system-shutdown.service'
Setting up systemd-sysv (255.4-1ubuntu8.16) ...
Setting up libnss-systemd:amd64 (255.4-1ubuntu8.16) ...
Setting up libpam-systemd:amd64 (255.4-1ubuntu8.16) ...
Setting up polkitd (124-2ubuntu1.24.04.3) ...
Running in chroot, ignoring command 'daemon-reload'
/usr/sbin/policy-rc.d returned 101, not running 'try-restart polkit.service'
Processing triggers for initramfs-tools (0.142ubuntu25.8) ...
update-initramfs: Generating /boot/initrd.img-6.8.0-136-generic
Processing triggers for libc-bin (2.39-0ubuntu8.7) ...
Processing triggers for man-db (2.12.0-4build2) ...
Processing triggers for dbus (1.14.10-4ubuntu4.1) ...
Processing triggers for sgml-base (1.31) ...
Processing triggers for install-info (7.1-3build2) ...
Setting up packagekit (1.2.8-2ubuntu1.5) ...
invoke-rc.d: policy-rc.d denied execution of force-reload.
Setting up packagekit-tools (1.2.8-2ubuntu1.5) ...

The processor microcode seems to be up-to-date.

Restarting services...

Service restarts being deferred:
 systemctl restart run-u269.service

No containers need to be restarted.

No user sessions are running outdated binaries.

No VM guests are running outdated hypervisor (qemu) binaries on this host.
Log ended: 2026-07-17  12:43:41

